// Jest Snapshot v1, https://goo.gl/fbAQLP

exports[`should setup a list item that can be reused 1`] = `
<div>
  <Link
    replace={false}
    to="/edit/2"
  >
    <h3>
      Rent
    </h3>
  </Link>
  <p>
    Amount: 
    109500
     --- Created At: 
    -345600000
  </p>
</div>
`;
