// Jest Snapshot v1, https://goo.gl/fbAQLP

exports[`should take a snapshot of LoginPage 1`] = `
<div>
  <p>
    Login Page
  </p>
  <button>
    Login
  </button>
</div>
`;
